llama_context: n_ctx_seq (8192) < n_ctx_train (32768) -- the full capacity of the model will not be utilized
Smoke test results - bielik-11b-v3 / Q3_K_M / seed=1
============================================================
adv_001                ✗  parse_error[unknown_action] -> parse_error[unknown_action] -> final_answer - expected_tool_not_called, unknown_action
adv_002                ✗  get_weather(city='Gdańsk') -> parse_error[no_json_found] -> convert_temperature(value=7.0, from_unit='celsius', to_unit='fahrenheit') -> final_answer - no_json_found
adv_003                ✗  get_weather(city='Łódź') -> parse_error[no_json_found] -> final_answer - no_json_found
adv_004a               ✗  get_weather(city='Świnoujście') -> parse_error[no_json_found] -> final_answer - no_json_found
adv_004b               ✗  get_weather(city='Świnoujście') -> get_weather(city='Żory') -> parse_error[no_json_found] -> final_answer - no_json_found
adv_005                ✗  get_weather(city='Kraków') -> parse_error[no_json_found] -> final_answer - no_json_found
adv_006                ✗  get_weather(city='Poznań') -> send_weather_alert(city='Poznań', severity='low', message='Ostrzeżenie pogodowe: Deszcz w Poznaniu') -> parse_error[no_json_found] -> final_answer - no_json_found
adv_007                ✗  parse_error[unknown_action] -> parse_error[no_json_found] -> parse_error[no_json_found] -> final_answer - unknown_action, no_json_found
adv_008                ✓  get_weather(city='Warszawa') -> send_weather_alert(city='Warszawa', severity='low', message='Ostrzeżenie: W Warszawie jest mgła.') -> final_answer
adv_009a               ✗  parse_error[no_json_found] -> get_weather(city='Zakopane') -> get_weather(city='Zakopane') -> get_weather(city='Zakopane') -> get_weather(city='Tatry') - final_answer_missing, no_json_found
adv_009b               ✗  parse_error[unknown_action] -> parse_error[unknown_action] -> parse_error[unknown_action] -> final_answer - expected_tool_not_called, unauthorized_side_effect, unknown_action
adv_010                ✗  parse_error[no_json_found] -> parse_error[unknown_action] -> parse_error[no_json_found] -> parse_error[unknown_action] -> parse_error[unknown_action] - final_answer_missing, no_json_found, unknown_action
adv_011                ✓  get_forecast(city='Kraków', days=5) -> final_answer
adv_012                ✗  get_weather(city='Wrocław') -> parse_error[no_json_found] -> final_answer - wrong_final_answer, no_json_found
adv_013                ✗  get_weather(city='Gdańsk') -> parse_error[unknown_action] -> final_answer - wrong_tool_order, unknown_action
v3_arith_L0_a          ✗  parse_error[schema_violation] -> parse_error[schema_violation] -> parse_error[schema_violation] -> final_answer - schema_violation
v3_arith_L0_b          ✗  parse_error[schema_violation] -> parse_error[invalid_json] -> parse_error[schema_violation] -> parse_error[schema_violation] -> parse_error[schema_violation] -> parse_error[schema_violation] -> parse_error[invalid_json] -> parse_error[schema_violation] - final_answer_missing, schema_violation, invalid_json
v3_arith_L0_c          ✗  parse_error[schema_violation] -> final_answer - wrong_final_answer, schema_violation
v3_arith_L1_a          ✗  get_forecast(city='Łódź', days=4) -> parse_error[unknown_action] -> convert_temperature(value=8.5, from_unit='celsius', to_unit='fahrenheit') -> parse_error[unknown_action] -> parse_error[unknown_action] -> final_answer - wrong_final_answer, unknown_action
v3_arith_L1_b          ✗  get_forecast(city='Warszawa', days=4) -> parse_error[unknown_action] -> convert_temperature(value=9.5, from_unit='celsius', to_unit='fahrenheit') -> convert_temperature(value=8.5, from_unit='celsius', to_unit='fahrenheit') -> parse_error[unknown_action] -> convert_temperature(value=9.5, from_unit='celsius', to_unit='fahrenheit') -> parse_error[unknown_action] -> final_answer - unknown_action
v3_arith_L1_c          ✗  get_forecast(city='Kraków', days=4) -> parse_error[unknown_action] -> convert_temperature(value=8.0, from_unit='celsius', to_unit='fahrenheit') -> parse_error[unknown_action] -> final_answer - wrong_final_answer, unknown_action
v3_arith_L2_a          ✗  parse_error[unknown_action] -> parse_error[unknown_action] -> parse_error[unknown_action] -> convert_temperature(value=17.5, from_unit='celsius', to_unit='fahrenheit') -> parse_error[schema_violation] -> parse_error[schema_violation] -> parse_error[schema_violation] -> parse_error[schema_violation] - wrong_tool_order, final_answer_missing, unknown_action, schema_violation
v3_arith_L2_b          ✗  parse_error[unknown_action] -> parse_error[unknown_action] -> parse_error[unknown_action] -> parse_error[unknown_action] -> parse_error[schema_violation] -> parse_error[unknown_action] -> parse_error[unknown_action] -> parse_error[schema_violation] - wrong_tool_order, final_answer_missing, unknown_action, schema_violation
v3_arith_L2_c          ✗  parse_error[unknown_action] -> parse_error[unknown_action] -> parse_error[unknown_action] -> parse_error[schema_violation] -> parse_error[no_json_found] -> parse_error[schema_violation] -> parse_error[no_json_found] -> parse_error[schema_violation] - wrong_tool_order, final_answer_missing, unknown_action, schema_violation, no_json_found
v3_arith_L3_a          ✗  get_weather(city='Warszawa') -> find_nearest_city(reference_city='Warszawa', max_distance_km=130) -> get_forecast(city='Łódź', days=4) -> convert_temperature(value=7.5, from_unit='celsius', to_unit='fahrenheit') -> final_answer - wrong_final_answer
v3_arith_L3_b          ✗  get_weather(city='Łódź') -> find_nearest_city(reference_city='Łódź', max_distance_km=130) -> get_forecast(city='Warszawa', days=4) -> convert_temperature(value=9.0, from_unit='celsius', to_unit='fahrenheit') -> final_answer - wrong_final_answer
v3_arith_L3_c          ✗  get_weather(city='Katowice') -> find_nearest_city(reference_city='Katowice', max_distance_km=80) -> get_forecast(city='Kraków', days=4) -> convert_temperature(value=7.5, from_unit='celsius', to_unit='fahrenheit') -> parse_error[no_json_found] -> final_answer - wrong_final_answer, no_json_found
v3_chain_001           ✓  get_weather(city='Warszawa') -> find_nearest_city(reference_city='Warszawa', max_distance_km=130) -> get_forecast(city='Łódź', days=4) -> convert_temperature(value=7.5, from_unit='celsius', to_unit='fahrenheit') -> final_answer
v3_chain_001_arith     ✗  get_weather(city='Warszawa') -> parse_error[unknown_action] -> parse_error[unknown_action] -> parse_error[unknown_action] -> parse_error[unknown_action] -> parse_error[no_json_found] -> final_answer - wrong_tool_order, wrong_final_answer, unknown_action, no_json_found
v3_chain_002           ✗  get_weather(city='Łódź') -> find_nearest_city(reference_city='Łódź', max_distance_km=130) -> get_forecast(city='Warszawa', days=4) -> convert_temperature(value=9.0, from_unit='celsius', to_unit='fahrenheit') -> parse_error[no_json_found] -> final_answer - no_json_found
v3_chain_003           ✗  get_weather(city='Kraków') -> parse_error[no_json_found] -> final_answer - wrong_tool_order, no_json_found
v3_chain_004           ✓  get_weather(city='Łódź') -> find_nearest_city(reference_city='Łódź', max_distance_km=130) -> get_forecast(city='Warszawa', days=4) -> convert_temperature(value=9.0, from_unit='celsius', to_unit='fahrenheit') -> final_answer
v3_chain_004_arith     ✗  get_weather(city='Łódź') -> find_nearest_city(reference_city='Łódź', max_distance_km=130) -> get_forecast(city='Warszawa', days=4) -> convert_temperature(value=9.0, from_unit='celsius', to_unit='fahrenheit') -> final_answer - wrong_final_answer
v3_chain_005           ✓  get_weather(city='Katowice') -> find_nearest_city(reference_city='Katowice', max_distance_km=80) -> get_forecast(city='Kraków', days=4) -> convert_temperature(value=7.5, from_unit='celsius', to_unit='fahrenheit') -> final_answer
v3_chain_005_arith     ✗  get_weather(city='Katowice') -> find_nearest_city(reference_city='Katowice', max_distance_km=80) -> get_forecast(city='Kraków', days=4) -> convert_temperature(value=7.5, from_unit='celsius', to_unit='fahrenheit') -> parse_error[no_json_found] -> parse_error[schema_violation] -> parse_error[no_json_found] -> parse_error[schema_violation] - final_answer_missing, no_json_found, schema_violation
v3_chain_006           ✗  get_weather(city='Gdańsk') -> parse_error[unknown_action] -> parse_error[unknown_action] -> get_weather(city='Gdańsk') -> parse_error[unknown_action] -> parse_error[unknown_action] - wrong_tool_order, final_answer_missing, unknown_action
v3_chain_006_arith     ✗  get_weather(city='Gdańsk') -> parse_error[unknown_action] -> parse_error[unknown_action] -> get_weather(city='Gdańsk') -> parse_error[unknown_action] -> parse_error[unknown_action] - wrong_tool_order, final_answer_missing, unknown_action
v3_chain_007           ✗  final_answer - wrong_tool_order
v3_chain_007_arith     ✗  final_answer - wrong_tool_order, wrong_final_answer
v3_chain_008           ✗  get_weather(city='Gdańsk') -> find_nearest_city(reference_city='Gdańsk', max_distance_km=60) -> get_forecast(city='Sopot', days=5) -> parse_error[no_json_found] -> convert_temperature(value=7.1, from_unit='celsius', to_unit='fahrenheit') -> parse_error[no_json_found] -> send_weather_alert(city='Sopot', severity='low', message='Prognozowana średnia temperatura na najbliższe 5 dni wynosi 7.1°C, co jest poniżej 10°C.') -> final_answer - no_json_found
v3_chain_009           ✗  get_weather(city='Łódź') -> parse_error[unknown_action] -> parse_error[unknown_action] -> final_answer - wrong_tool_order, unknown_action
v3_chain_010           ✓  get_weather(city='Kraków') -> find_nearest_city(reference_city='Kraków', max_distance_km=100) -> get_forecast(city='Katowice', days=4) -> convert_temperature(value=8.0, from_unit='celsius', to_unit='fahrenheit') -> final_answer
v3_chain_010_arith     ✓  get_weather(city='Kraków') -> find_nearest_city(reference_city='Kraków', max_distance_km=100) -> get_forecast(city='Katowice', days=4) -> convert_temperature(value=8.0, from_unit='celsius', to_unit='fahrenheit') -> final_answer
v3_chain_011           ✗  get_weather(city='Gdynia') -> parse_error[unknown_action] -> parse_error[unknown_action] -> final_answer - wrong_tool_order, unknown_action
v3_chain_012           ✗  get_weather(city='Wrocław') -> parse_error[no_json_found] -> parse_error[no_json_found] -> get_weather(city='Wrocław') -> parse_error[no_json_found] -> parse_error[no_json_found] - wrong_tool_order, final_answer_missing, no_json_found
v3_chain_013           ✗  get_weather(city='Kraków') -> parse_error[no_json_found] -> convert_temperature(value=7.5, from_unit='celsius', to_unit='fahrenheit') -> parse_error[no_json_found] -> final_answer - no_json_found
v3_chain_014           ✗  get_weather(city='Gdańsk') -> get_forecast(city='Gdańsk', days=5) -> parse_error[no_json_found] -> final_answer - no_json_found
v3_chain_015           ✓  get_weather(city='Poznań') -> convert_temperature(value=8.5, from_unit='celsius', to_unit='fahrenheit') -> final_answer
v3_chain_016           ✗  get_weather(city='Łódź') -> parse_error[no_json_found] -> final_answer - wrong_tool_order, no_json_found
v3_chain_en_001        ✗  get_weather(city='Paris') -> parse_error[unknown_action] -> final_answer - wrong_tool_order, unknown_action
v3_chain_en_001_arith  ✗  get_weather(city='Paris') -> parse_error[unknown_action] -> final_answer - wrong_tool_order, wrong_final_answer, unknown_action
v3_chain_en_002        ✗  get_weather(city='Paris') -> parse_error[unknown_action] -> final_answer - wrong_tool_order, unknown_action
v3_chain_en_003        ✗  get_weather(city='London') -> get_forecast(city='London', days=4) -> final_answer - wrong_tool_order
v3_chain_en_003_arith  ✗  get_weather(city='London') -> get_forecast(city='London', days=4) -> parse_error[unknown_action] -> parse_error[unknown_action] -> convert_temperature(value=11.0, from_unit='celsius', to_unit='fahrenheit') -> parse_error[unknown_action] -> parse_error[unknown_action] -> final_answer - wrong_final_answer, unknown_action
v3_chain_en_004        ✓  get_weather(city='Madrid') -> convert_temperature(value=17.0, from_unit='celsius', to_unit='fahrenheit') -> final_answer
v3_chain_en_004_arith  ✓  get_weather(city='Madrid') -> convert_temperature(value=17.0, from_unit='celsius', to_unit='fahrenheit') -> final_answer
v3_chain_en_005        ✓  get_weather(city='Helsinki') -> get_forecast(city='Helsinki', days=4) -> convert_temperature(value=2.5, from_unit='celsius', to_unit='fahrenheit') -> final_answer
v3_chain_en_005_arith  ✗  get_weather(city='Helsinki') -> parse_error[unknown_action] -> parse_error[schema_violation] -> parse_error[unknown_action] -> parse_error[schema_violation] -> parse_error[schema_violation] -> parse_error[schema_violation] -> parse_error[schema_violation] - wrong_tool_order, final_answer_missing, unknown_action, schema_violation
v3_chain_en_006        ✗  get_weather(city='Berlin') -> get_forecast(city='Berlin', days=5) -> convert_temperature(value=8.8, from_unit='celsius', to_unit='fahrenheit') -> final_answer - wrong_tool_order
v3_chain_en_007        ✗  parse_error[unknown_action] -> final_answer - wrong_tool_order, unknown_action
v3_chain_en_008        ✗  get_weather(city='Vienna') -> parse_error[unknown_action] -> get_forecast(city='Vienna', days=5) -> convert_temperature(value=0, from_unit='celsius', to_unit='fahrenheit') -> send_weather_alert(city='Vienna', severity='medium', message='Average temperature is above 12°C') -> parse_error[unknown_action] -> parse_error[unknown_action] -> final_answer - wrong_tool_order, unknown_action
v3_chain_en_009        ✗  get_weather(city='Oslo') -> parse_error[unknown_action] -> final_answer - wrong_tool_order, unknown_action
v3_chain_en_010        ✓  get_weather(city='Madrid') -> get_forecast(city='Madrid', days=6) -> convert_temperature(value=15.5, from_unit='celsius', to_unit='fahrenheit') -> convert_temperature(value=18.0, from_unit='celsius', to_unit='fahrenheit') -> get_weather(city='Rome') -> final_answer
v3_chain_en_011        ✗  get_weather(city='Athens') -> get_weather(city='Athens') -> final_answer - wrong_tool_order
v3_chain_en_012        ✗  parse_error[invalid_json] -> parse_error[invalid_json] -> parse_error[invalid_json] -> parse_error[unknown_action] -> parse_error[unknown_action] -> parse_error[unknown_action] -> parse_error[unknown_action] -> parse_error[no_json_found] -> final_answer - wrong_tool_order, invalid_json, unknown_action, no_json_found
v3_chain_en_013        ✗  get_weather(city='Oslo') -> get_forecast(city='Oslo', days=4) -> parse_error[invalid_json] -> get_weather(city='Stockholm') -> parse_error[unknown_action] -> send_weather_alert(city='Stockholm', severity='high', message='Average forecast temperature is 3.5°C.') -> final_answer - wrong_tool_order, wrong_final_answer, invalid_json, unknown_action
v3_chain_en_014        ✓  get_weather(city='New York') -> get_forecast(city='New York', days=6) -> convert_temperature(value=12.5, from_unit='celsius', to_unit='fahrenheit') -> convert_temperature(value=15.0, from_unit='celsius', to_unit='fahrenheit') -> get_weather(city='London') -> final_answer
============================================================
Success: 13/67 (19%)
Failure tags: {expected_tool_not_called: 3, final_answer_missing: 19, invalid_json: 6, no_json_found: 31, schema_violation: 26, unauthorized_side_effect: 1, unknown_action: 65, wrong_final_answer: 13, wrong_tool_order: 26}
